// Vitest Snapshot v1, https://vitest.dev/guide/snapshot.html

exports[`Item container > should match the snapshot 1`] = `
"<div class="draggable" style="left: 0px; top: 0px; pointer-events: none; z-index: 1;" tabindex="0" data-test="item">
  <!--v-if-->
  <!--v-if-->
  <div class="circuit-component" style="transform: rotate(0deg);">
    <div class="switch switch--hi-z" type="InputNode" subtype="None" isselected="false" flash="false" name="" properties="[object Object]">
      <div class="switch__inner" tabindex="0" aria-role="switch">
        <div class="switch__trigger">
          <div class="switch__light"></div>
          <div class="switch__characters"></div>
        </div>
      </div>
    </div>
    <div class="circuit-component__ports--left circuit-component__ports">
      <div class="port-pivot" style="transform: rotate(-0deg);" data-port-id="port1">
        <div class="port-handle" id="port1" is-monitored="true" tabindex="0">
          <div class="port-handle__display">
            <div class="port-handle__hue"></div>
          </div>
        </div>
      </div>
      <div class="port-pivot" style="transform: rotate(-0deg);" data-port-id="port2">
        <div class="port-handle" id="port2" is-monitored="false" tabindex="0">
          <div class="port-handle__display">
            <div class="port-handle__hue"></div>
          </div>
        </div>
      </div>
    </div>
    <div class="circuit-component__ports--top circuit-component__ports"></div>
    <div class="circuit-component__ports--right circuit-component__ports"></div>
    <div class="circuit-component__ports--bottom circuit-component__ports"></div>
  </div>
</div>"
`;
